#! /c/Source/iverilog-install/bin/vvp
:ivl_version "12.0 (devel)" "(s20150603-1539-g2693dd32b)";
:ivl_delay_selection "TYPICAL";
:vpi_time_precision - 12;
:vpi_module "C:\iverilog\lib\ivl\system.vpi";
:vpi_module "C:\iverilog\lib\ivl\vhdl_sys.vpi";
:vpi_module "C:\iverilog\lib\ivl\vhdl_textio.vpi";
:vpi_module "C:\iverilog\lib\ivl\v2005_math.vpi";
:vpi_module "C:\iverilog\lib\ivl\va_math.vpi";
S_0000021e7aaf3c50 .scope module, "pacemaker_tb" "pacemaker_tb" 2 4;
 .timescale -9 -12;
v0000021e7ab4e910_0 .net "AL", 0 0, v0000021e7aaa3140_0;  1 drivers
v0000021e7ab4f8b0_0 .var "EP", 0 0;
v0000021e7ab4ea50_0 .net "FM", 0 0, v0000021e7aaf9f10_0;  1 drivers
v0000021e7ab4f090_0 .var "FiO2", 0 0;
v0000021e7ab4f950_0 .net "MS", 0 0, v0000021e7aafa050_0;  1 drivers
v0000021e7ab4f1d0_0 .var "PEEP", 0 0;
v0000021e7ab4ecd0_0 .net "PS", 0 0, v0000021e7ab4e4e0_0;  1 drivers
v0000021e7ab4fb30_0 .net "PV", 0 0, v0000021e7ab4dea0_0;  1 drivers
v0000021e7ab4f3b0_0 .var "RR", 0 0;
v0000021e7ab4fbd0_0 .net "SBT", 0 0, v0000021e7ab4e260_0;  1 drivers
v0000021e7ab4ed70_0 .var "SpO2", 0 0;
v0000021e7ab4fc70_0 .var "VT", 0 0;
v0000021e7ab4f590_0 .var "clk", 0 0;
v0000021e7ab4eaf0_0 .var "rst", 0 0;
v0000021e7ab4fd10_0 .net "state", 2 0, v0000021e7ab50170_0;  1 drivers
S_0000021e7aaf34e0 .scope module, "UUT" "pacemaker_fsm" 2 15, 3 4 0, S_0000021e7aaf3c50;
 .timescale -9 -12;
    .port_info 0 /INPUT 1 "clk";
    .port_info 1 /INPUT 1 "rst";
    .port_info 2 /INPUT 1 "VT";
    .port_info 3 /INPUT 1 "RR";
    .port_info 4 /INPUT 1 "FiO2";
    .port_info 5 /INPUT 1 "PEEP";
    .port_info 6 /INPUT 1 "EP";
    .port_info 7 /INPUT 1 "SpO2";
    .port_info 8 /OUTPUT 1 "PS";
    .port_info 9 /OUTPUT 1 "PV";
    .port_info 10 /OUTPUT 1 "FM";
    .port_info 11 /OUTPUT 1 "MS";
    .port_info 12 /OUTPUT 1 "AL";
    .port_info 13 /OUTPUT 1 "SBT";
    .port_info 14 /OUTPUT 3 "state";
P_0000021e7aaf6c10 .param/l "ADJ_FIO2" 1 3 31, C4<101>;
P_0000021e7aaf6c48 .param/l "ADJ_PEEP" 1 3 30, C4<100>;
P_0000021e7aaf6c80 .param/l "ASSIST" 1 3 28, C4<010>;
P_0000021e7aaf6cb8 .param/l "EMERGENCY" 1 3 33, C4<111>;
P_0000021e7aaf6cf0 .param/l "MONITOR" 1 3 27, C4<001>;
P_0000021e7aaf6d28 .param/l "STANDBY" 1 3 26, C4<000>;
P_0000021e7aaf6d60 .param/l "SUPPORT" 1 3 29, C4<011>;
P_0000021e7aaf6d98 .param/l "WEAN" 1 3 32, C4<110>;
v0000021e7aaa3140_0 .var "AL", 0 0;
v0000021e7aaf9e70_0 .net "EP", 0 0, v0000021e7ab4f8b0_0;  1 drivers
v0000021e7aaf9f10_0 .var "FM", 0 0;
v0000021e7aaf9fb0_0 .net "FiO2", 0 0, v0000021e7ab4f090_0;  1 drivers
v0000021e7aafa050_0 .var "MS", 0 0;
v0000021e7ab4e080_0 .net "PEEP", 0 0, v0000021e7ab4f1d0_0;  1 drivers
v0000021e7ab4e4e0_0 .var "PS", 0 0;
v0000021e7ab4dea0_0 .var "PV", 0 0;
v0000021e7ab4e1c0_0 .net "RR", 0 0, v0000021e7ab4f3b0_0;  1 drivers
v0000021e7ab4e260_0 .var "SBT", 0 0;
v0000021e7ab4d5e0_0 .net "SpO2", 0 0, v0000021e7ab4ed70_0;  1 drivers
v0000021e7ab4da40_0 .net "VT", 0 0, v0000021e7ab4fc70_0;  1 drivers
v0000021e7ab4d860_0 .net *"_ivl_1", 0 0, L_0000021e7ab4fdb0;  1 drivers
L_0000021e7ac400d0 .functor BUFT 1, C4<00>, C4<0>, C4<0>, C4<0>;
v0000021e7ab4d7c0_0 .net *"_ivl_11", 1 0, L_0000021e7ac400d0;  1 drivers
v0000021e7ab4e440_0 .net *"_ivl_12", 2 0, L_0000021e7ab503f0;  1 drivers
v0000021e7ab4d680_0 .net *"_ivl_15", 0 0, L_0000021e7ab4eff0;  1 drivers
v0000021e7ab4dfe0_0 .net *"_ivl_16", 2 0, L_0000021e7ab4e5f0;  1 drivers
L_0000021e7ac40118 .functor BUFT 1, C4<00>, C4<0>, C4<0>, C4<0>;
v0000021e7ab4dc20_0 .net *"_ivl_19", 1 0, L_0000021e7ac40118;  1 drivers
v0000021e7ab4e300_0 .net *"_ivl_2", 2 0, L_0000021e7ab50350;  1 drivers
v0000021e7ab4d720_0 .net *"_ivl_20", 2 0, L_0000021e7ab4f6d0;  1 drivers
v0000021e7ab4e3a0_0 .net *"_ivl_23", 0 0, L_0000021e7ab4e690;  1 drivers
v0000021e7ab4dae0_0 .net *"_ivl_24", 2 0, L_0000021e7ab4e730;  1 drivers
L_0000021e7ac40160 .functor BUFT 1, C4<00>, C4<0>, C4<0>, C4<0>;
v0000021e7ab4d900_0 .net *"_ivl_27", 1 0, L_0000021e7ac40160;  1 drivers
v0000021e7ab4d9a0_0 .net *"_ivl_28", 2 0, L_0000021e7ab4e9b0;  1 drivers
v0000021e7ab4db80_0 .net *"_ivl_31", 0 0, L_0000021e7ab4eb90;  1 drivers
v0000021e7ab4dcc0_0 .net *"_ivl_32", 2 0, L_0000021e7ab4f310;  1 drivers
L_0000021e7ac401a8 .functor BUFT 1, C4<00>, C4<0>, C4<0>, C4<0>;
v0000021e7ab4dd60_0 .net *"_ivl_35", 1 0, L_0000021e7ac401a8;  1 drivers
v0000021e7ab4de00_0 .net *"_ivl_36", 2 0, L_0000021e7ab4f630;  1 drivers
v0000021e7ab4df40_0 .net *"_ivl_39", 0 0, L_0000021e7ab4f810;  1 drivers
v0000021e7ab4e120_0 .net *"_ivl_40", 2 0, L_0000021e7ab4f450;  1 drivers
L_0000021e7ac401f0 .functor BUFT 1, C4<00>, C4<0>, C4<0>, C4<0>;
v0000021e7ab502b0_0 .net *"_ivl_43", 1 0, L_0000021e7ac401f0;  1 drivers
v0000021e7ab4fe50_0 .net *"_ivl_46", 31 0, L_0000021e7ab4eeb0;  1 drivers
L_0000021e7ac40238 .functor BUFT 1, C4<00000000000000000000000000000>, C4<0>, C4<0>, C4<0>;
v0000021e7ab4e7d0_0 .net *"_ivl_49", 28 0, L_0000021e7ac40238;  1 drivers
L_0000021e7ac40088 .functor BUFT 1, C4<00>, C4<0>, C4<0>, C4<0>;
v0000021e7ab50490_0 .net *"_ivl_5", 1 0, L_0000021e7ac40088;  1 drivers
L_0000021e7ac40280 .functor BUFT 1, C4<00000000000000000000000000000000>, C4<0>, C4<0>, C4<0>;
v0000021e7ab4e870_0 .net/2u *"_ivl_50", 31 0, L_0000021e7ac40280;  1 drivers
v0000021e7ab4fef0_0 .net *"_ivl_7", 0 0, L_0000021e7ab4f270;  1 drivers
v0000021e7ab4ec30_0 .net *"_ivl_8", 2 0, L_0000021e7ab50210;  1 drivers
v0000021e7ab4ff90_0 .net "all_ok", 0 0, L_0000021e7ab4f4f0;  1 drivers
v0000021e7ab4f9f0_0 .net "clk", 0 0, v0000021e7ab4f590_0;  1 drivers
v0000021e7ab50030_0 .var "curr_state", 2 0;
v0000021e7ab500d0_0 .net "fail_count", 2 0, L_0000021e7ab4ee10;  1 drivers
v0000021e7ab4fa90_0 .var "next_state", 2 0;
v0000021e7ab4ef50_0 .net "rst", 0 0, v0000021e7ab4eaf0_0;  1 drivers
v0000021e7ab50170_0 .var "state", 2 0;
E_0000021e7aad3a60 .event anyedge, v0000021e7ab50030_0;
E_0000021e7aad3e20 .event posedge, v0000021e7ab4ef50_0, v0000021e7ab4f9f0_0;
E_0000021e7aad39e0/0 .event anyedge, v0000021e7ab50030_0, v0000021e7ab4ff90_0, v0000021e7ab500d0_0, v0000021e7ab4da40_0;
E_0000021e7aad39e0/1 .event anyedge, v0000021e7aaf9fb0_0, v0000021e7ab4d5e0_0, v0000021e7ab4e080_0, v0000021e7ab4e1c0_0;
E_0000021e7aad39e0/2 .event anyedge, v0000021e7aaf9e70_0;
E_0000021e7aad39e0 .event/or E_0000021e7aad39e0/0, E_0000021e7aad39e0/1, E_0000021e7aad39e0/2;
L_0000021e7ab4fdb0 .reduce/nor v0000021e7ab4fc70_0;
L_0000021e7ab50350 .concat [ 1 2 0 0], L_0000021e7ab4fdb0, L_0000021e7ac40088;
L_0000021e7ab4f270 .reduce/nor v0000021e7ab4f3b0_0;
L_0000021e7ab50210 .concat [ 1 2 0 0], L_0000021e7ab4f270, L_0000021e7ac400d0;
L_0000021e7ab503f0 .arith/sum 3, L_0000021e7ab50350, L_0000021e7ab50210;
L_0000021e7ab4eff0 .reduce/nor v0000021e7ab4f090_0;
L_0000021e7ab4e5f0 .concat [ 1 2 0 0], L_0000021e7ab4eff0, L_0000021e7ac40118;
L_0000021e7ab4f6d0 .arith/sum 3, L_0000021e7ab503f0, L_0000021e7ab4e5f0;
L_0000021e7ab4e690 .reduce/nor v0000021e7ab4f1d0_0;
L_0000021e7ab4e730 .concat [ 1 2 0 0], L_0000021e7ab4e690, L_0000021e7ac40160;
L_0000021e7ab4e9b0 .arith/sum 3, L_0000021e7ab4f6d0, L_0000021e7ab4e730;
L_0000021e7ab4eb90 .reduce/nor v0000021e7ab4f8b0_0;
L_0000021e7ab4f310 .concat [ 1 2 0 0], L_0000021e7ab4eb90, L_0000021e7ac401a8;
L_0000021e7ab4f630 .arith/sum 3, L_0000021e7ab4e9b0, L_0000021e7ab4f310;
L_0000021e7ab4f810 .reduce/nor v0000021e7ab4ed70_0;
L_0000021e7ab4f450 .concat [ 1 2 0 0], L_0000021e7ab4f810, L_0000021e7ac401f0;
L_0000021e7ab4ee10 .arith/sum 3, L_0000021e7ab4f630, L_0000021e7ab4f450;
L_0000021e7ab4eeb0 .concat [ 3 29 0 0], L_0000021e7ab4ee10, L_0000021e7ac40238;
L_0000021e7ab4f4f0 .cmp/eq 32, L_0000021e7ab4eeb0, L_0000021e7ac40280;
    .scope S_0000021e7aaf34e0;
T_0 ;
    %wait E_0000021e7aad39e0;
    %load/vec4 v0000021e7ab50030_0;
    %store/vec4 v0000021e7ab4fa90_0, 0, 3;
    %load/vec4 v0000021e7ab50030_0;
    %dup/vec4;
    %pushi/vec4 0, 0, 3;
    %cmp/u;
    %jmp/1 T_0.0, 6;
    %dup/vec4;
    %pushi/vec4 1, 0, 3;
    %cmp/u;
    %jmp/1 T_0.1, 6;
    %dup/vec4;
    %pushi/vec4 2, 0, 3;
    %cmp/u;
    %jmp/1 T_0.2, 6;
    %dup/vec4;
    %pushi/vec4 3, 0, 3;
    %cmp/u;
    %jmp/1 T_0.3, 6;
    %dup/vec4;
    %pushi/vec4 4, 0, 3;
    %cmp/u;
    %jmp/1 T_0.4, 6;
    %dup/vec4;
    %pushi/vec4 5, 0, 3;
    %cmp/u;
    %jmp/1 T_0.5, 6;
    %dup/vec4;
    %pushi/vec4 6, 0, 3;
    %cmp/u;
    %jmp/1 T_0.6, 6;
    %dup/vec4;
    %pushi/vec4 7, 0, 3;
    %cmp/u;
    %jmp/1 T_0.7, 6;
    %jmp T_0.8;
T_0.0 ;
    %load/vec4 v0000021e7ab4ff90_0;
    %flag_set/vec4 8;
    %jmp/0xz  T_0.9, 8;
    %pushi/vec4 1, 0, 3;
    %store/vec4 v0000021e7ab4fa90_0, 0, 3;
    %jmp T_0.10;
T_0.9 ;
    %load/vec4 v0000021e7ab500d0_0;
    %pad/u 32;
    %cmpi/u 3, 0, 32;
    %flag_inv 5; GE is !LT
    %jmp/0xz  T_0.11, 5;
    %pushi/vec4 7, 0, 3;
    %store/vec4 v0000021e7ab4fa90_0, 0, 3;
T_0.11 ;
T_0.10 ;
    %jmp T_0.8;
T_0.1 ;
    %load/vec4 v0000021e7ab500d0_0;
    %pad/u 32;
    %cmpi/u 3, 0, 32;
    %flag_inv 5; GE is !LT
    %jmp/0xz  T_0.13, 5;
    %pushi/vec4 7, 0, 3;
    %store/vec4 v0000021e7ab4fa90_0, 0, 3;
    %jmp T_0.14;
T_0.13 ;
    %load/vec4 v0000021e7ab4ff90_0;
    %flag_set/vec4 8;
    %jmp/0xz  T_0.15, 8;
    %pushi/vec4 1, 0, 3;
    %store/vec4 v0000021e7ab4fa90_0, 0, 3;
    %jmp T_0.16;
T_0.15 ;
    %load/vec4 v0000021e7ab4da40_0;
    %pad/u 32;
    %cmpi/e 0, 0, 32;
    %jmp/0xz  T_0.17, 4;
    %pushi/vec4 3, 0, 3;
    %store/vec4 v0000021e7ab4fa90_0, 0, 3;
    %jmp T_0.18;
T_0.17 ;
    %load/vec4 v0000021e7aaf9fb0_0;
    %pad/u 32;
    %cmpi/e 0, 0, 32;
    %jmp/1 T_0.21, 4;
    %flag_mov 8, 4;
    %load/vec4 v0000021e7ab4d5e0_0;
    %pad/u 32;
    %cmpi/e 0, 0, 32;
    %flag_or 4, 8;
T_0.21;
    %jmp/0xz  T_0.19, 4;
    %pushi/vec4 5, 0, 3;
    %store/vec4 v0000021e7ab4fa90_0, 0, 3;
    %jmp T_0.20;
T_0.19 ;
    %load/vec4 v0000021e7ab4e080_0;
    %pad/u 32;
    %cmpi/e 0, 0, 32;
    %jmp/0xz  T_0.22, 4;
    %pushi/vec4 4, 0, 3;
    %store/vec4 v0000021e7ab4fa90_0, 0, 3;
    %jmp T_0.23;
T_0.22 ;
    %load/vec4 v0000021e7ab4e1c0_0;
    %pad/u 32;
    %cmpi/e 0, 0, 32;
    %jmp/1 T_0.26, 4;
    %flag_mov 8, 4;
    %load/vec4 v0000021e7aaf9e70_0;
    %pad/u 32;
    %cmpi/e 0, 0, 32;
    %flag_or 4, 8;
T_0.26;
    %jmp/0xz  T_0.24, 4;
    %pushi/vec4 2, 0, 3;
    %store/vec4 v0000021e7ab4fa90_0, 0, 3;
T_0.24 ;
T_0.23 ;
T_0.20 ;
T_0.18 ;
T_0.16 ;
T_0.14 ;
    %jmp T_0.8;
T_0.2 ;
    %load/vec4 v0000021e7ab500d0_0;
    %pad/u 32;
    %cmpi/u 3, 0, 32;
    %flag_inv 5; GE is !LT
    %jmp/0xz  T_0.27, 5;
    %pushi/vec4 7, 0, 3;
    %store/vec4 v0000021e7ab4fa90_0, 0, 3;
    %jmp T_0.28;
T_0.27 ;
    %load/vec4 v0000021e7ab4ff90_0;
    %flag_set/vec4 8;
    %jmp/0xz  T_0.29, 8;
    %pushi/vec4 1, 0, 3;
    %store/vec4 v0000021e7ab4fa90_0, 0, 3;
    %jmp T_0.30;
T_0.29 ;
    %load/vec4 v0000021e7ab4da40_0;
    %pad/u 32;
    %cmpi/e 0, 0, 32;
    %jmp/0xz  T_0.31, 4;
    %pushi/vec4 3, 0, 3;
    %store/vec4 v0000021e7ab4fa90_0, 0, 3;
    %jmp T_0.32;
T_0.31 ;
    %load/vec4 v0000021e7aaf9fb0_0;
    %pad/u 32;
    %cmpi/e 0, 0, 32;
    %jmp/1 T_0.35, 4;
    %flag_mov 8, 4;
    %load/vec4 v0000021e7ab4d5e0_0;
    %pad/u 32;
    %cmpi/e 0, 0, 32;
    %flag_or 4, 8;
T_0.35;
    %jmp/0xz  T_0.33, 4;
    %pushi/vec4 5, 0, 3;
    %store/vec4 v0000021e7ab4fa90_0, 0, 3;
    %jmp T_0.34;
T_0.33 ;
    %load/vec4 v0000021e7ab4e080_0;
    %pad/u 32;
    %cmpi/e 0, 0, 32;
    %jmp/0xz  T_0.36, 4;
    %pushi/vec4 4, 0, 3;
    %store/vec4 v0000021e7ab4fa90_0, 0, 3;
    %jmp T_0.37;
T_0.36 ;
    %load/vec4 v0000021e7ab4e1c0_0;
    %pad/u 32;
    %cmpi/e 0, 0, 32;
    %jmp/1 T_0.40, 4;
    %flag_mov 8, 4;
    %load/vec4 v0000021e7aaf9e70_0;
    %pad/u 32;
    %cmpi/e 0, 0, 32;
    %flag_or 4, 8;
T_0.40;
    %jmp/0xz  T_0.38, 4;
    %pushi/vec4 2, 0, 3;
    %store/vec4 v0000021e7ab4fa90_0, 0, 3;
T_0.38 ;
T_0.37 ;
T_0.34 ;
T_0.32 ;
T_0.30 ;
T_0.28 ;
    %jmp T_0.8;
T_0.3 ;
    %load/vec4 v0000021e7ab500d0_0;
    %pad/u 32;
    %cmpi/u 3, 0, 32;
    %flag_inv 5; GE is !LT
    %jmp/0xz  T_0.41, 5;
    %pushi/vec4 7, 0, 3;
    %store/vec4 v0000021e7ab4fa90_0, 0, 3;
    %jmp T_0.42;
T_0.41 ;
    %load/vec4 v0000021e7ab4ff90_0;
    %flag_set/vec4 8;
    %jmp/0xz  T_0.43, 8;
    %pushi/vec4 1, 0, 3;
    %store/vec4 v0000021e7ab4fa90_0, 0, 3;
    %jmp T_0.44;
T_0.43 ;
    %load/vec4 v0000021e7ab4da40_0;
    %pad/u 32;
    %cmpi/e 0, 0, 32;
    %jmp/0xz  T_0.45, 4;
    %pushi/vec4 3, 0, 3;
    %store/vec4 v0000021e7ab4fa90_0, 0, 3;
    %jmp T_0.46;
T_0.45 ;
    %load/vec4 v0000021e7aaf9fb0_0;
    %pad/u 32;
    %cmpi/e 0, 0, 32;
    %jmp/1 T_0.49, 4;
    %flag_mov 8, 4;
    %load/vec4 v0000021e7ab4d5e0_0;
    %pad/u 32;
    %cmpi/e 0, 0, 32;
    %flag_or 4, 8;
T_0.49;
    %jmp/0xz  T_0.47, 4;
    %pushi/vec4 5, 0, 3;
    %store/vec4 v0000021e7ab4fa90_0, 0, 3;
    %jmp T_0.48;
T_0.47 ;
    %load/vec4 v0000021e7ab4e080_0;
    %pad/u 32;
    %cmpi/e 0, 0, 32;
    %jmp/0xz  T_0.50, 4;
    %pushi/vec4 4, 0, 3;
    %store/vec4 v0000021e7ab4fa90_0, 0, 3;
    %jmp T_0.51;
T_0.50 ;
    %load/vec4 v0000021e7ab4e1c0_0;
    %pad/u 32;
    %cmpi/e 0, 0, 32;
    %jmp/1 T_0.54, 4;
    %flag_mov 8, 4;
    %load/vec4 v0000021e7aaf9e70_0;
    %pad/u 32;
    %cmpi/e 0, 0, 32;
    %flag_or 4, 8;
T_0.54;
    %jmp/0xz  T_0.52, 4;
    %pushi/vec4 2, 0, 3;
    %store/vec4 v0000021e7ab4fa90_0, 0, 3;
T_0.52 ;
T_0.51 ;
T_0.48 ;
T_0.46 ;
T_0.44 ;
T_0.42 ;
    %jmp T_0.8;
T_0.4 ;
    %load/vec4 v0000021e7ab500d0_0;
    %pad/u 32;
    %cmpi/u 3, 0, 32;
    %flag_inv 5; GE is !LT
    %jmp/0xz  T_0.55, 5;
    %pushi/vec4 7, 0, 3;
    %store/vec4 v0000021e7ab4fa90_0, 0, 3;
    %jmp T_0.56;
T_0.55 ;
    %load/vec4 v0000021e7ab4ff90_0;
    %flag_set/vec4 8;
    %jmp/0xz  T_0.57, 8;
    %pushi/vec4 1, 0, 3;
    %store/vec4 v0000021e7ab4fa90_0, 0, 3;
    %jmp T_0.58;
T_0.57 ;
    %load/vec4 v0000021e7ab4da40_0;
    %pad/u 32;
    %cmpi/e 0, 0, 32;
    %jmp/0xz  T_0.59, 4;
    %pushi/vec4 3, 0, 3;
    %store/vec4 v0000021e7ab4fa90_0, 0, 3;
    %jmp T_0.60;
T_0.59 ;
    %load/vec4 v0000021e7aaf9fb0_0;
    %pad/u 32;
    %cmpi/e 0, 0, 32;
    %jmp/1 T_0.63, 4;
    %flag_mov 8, 4;
    %load/vec4 v0000021e7ab4d5e0_0;
    %pad/u 32;
    %cmpi/e 0, 0, 32;
    %flag_or 4, 8;
T_0.63;
    %jmp/0xz  T_0.61, 4;
    %pushi/vec4 5, 0, 3;
    %store/vec4 v0000021e7ab4fa90_0, 0, 3;
    %jmp T_0.62;
T_0.61 ;
    %load/vec4 v0000021e7ab4e080_0;
    %pad/u 32;
    %cmpi/e 0, 0, 32;
    %jmp/0xz  T_0.64, 4;
    %pushi/vec4 4, 0, 3;
    %store/vec4 v0000021e7ab4fa90_0, 0, 3;
    %jmp T_0.65;
T_0.64 ;
    %load/vec4 v0000021e7ab4e1c0_0;
    %pad/u 32;
    %cmpi/e 0, 0, 32;
    %jmp/1 T_0.68, 4;
    %flag_mov 8, 4;
    %load/vec4 v0000021e7aaf9e70_0;
    %pad/u 32;
    %cmpi/e 0, 0, 32;
    %flag_or 4, 8;
T_0.68;
    %jmp/0xz  T_0.66, 4;
    %pushi/vec4 2, 0, 3;
    %store/vec4 v0000021e7ab4fa90_0, 0, 3;
T_0.66 ;
T_0.65 ;
T_0.62 ;
T_0.60 ;
T_0.58 ;
T_0.56 ;
    %jmp T_0.8;
T_0.5 ;
    %load/vec4 v0000021e7ab500d0_0;
    %pad/u 32;
    %cmpi/u 3, 0, 32;
    %flag_inv 5; GE is !LT
    %jmp/0xz  T_0.69, 5;
    %pushi/vec4 7, 0, 3;
    %store/vec4 v0000021e7ab4fa90_0, 0, 3;
    %jmp T_0.70;
T_0.69 ;
    %load/vec4 v0000021e7ab4ff90_0;
    %flag_set/vec4 8;
    %jmp/0xz  T_0.71, 8;
    %pushi/vec4 1, 0, 3;
    %store/vec4 v0000021e7ab4fa90_0, 0, 3;
    %jmp T_0.72;
T_0.71 ;
    %load/vec4 v0000021e7ab4da40_0;
    %pad/u 32;
    %cmpi/e 0, 0, 32;
    %jmp/0xz  T_0.73, 4;
    %pushi/vec4 3, 0, 3;
    %store/vec4 v0000021e7ab4fa90_0, 0, 3;
    %jmp T_0.74;
T_0.73 ;
    %load/vec4 v0000021e7aaf9fb0_0;
    %pad/u 32;
    %cmpi/e 0, 0, 32;
    %jmp/1 T_0.77, 4;
    %flag_mov 8, 4;
    %load/vec4 v0000021e7ab4d5e0_0;
    %pad/u 32;
    %cmpi/e 0, 0, 32;
    %flag_or 4, 8;
T_0.77;
    %jmp/0xz  T_0.75, 4;
    %pushi/vec4 5, 0, 3;
    %store/vec4 v0000021e7ab4fa90_0, 0, 3;
    %jmp T_0.76;
T_0.75 ;
    %load/vec4 v0000021e7ab4e080_0;
    %pad/u 32;
    %cmpi/e 0, 0, 32;
    %jmp/0xz  T_0.78, 4;
    %pushi/vec4 4, 0, 3;
    %store/vec4 v0000021e7ab4fa90_0, 0, 3;
    %jmp T_0.79;
T_0.78 ;
    %load/vec4 v0000021e7ab4e1c0_0;
    %pad/u 32;
    %cmpi/e 0, 0, 32;
    %jmp/1 T_0.82, 4;
    %flag_mov 8, 4;
    %load/vec4 v0000021e7aaf9e70_0;
    %pad/u 32;
    %cmpi/e 0, 0, 32;
    %flag_or 4, 8;
T_0.82;
    %jmp/0xz  T_0.80, 4;
    %pushi/vec4 2, 0, 3;
    %store/vec4 v0000021e7ab4fa90_0, 0, 3;
T_0.80 ;
T_0.79 ;
T_0.76 ;
T_0.74 ;
T_0.72 ;
T_0.70 ;
    %jmp T_0.8;
T_0.6 ;
    %load/vec4 v0000021e7ab500d0_0;
    %pad/u 32;
    %cmpi/u 3, 0, 32;
    %flag_inv 5; GE is !LT
    %jmp/0xz  T_0.83, 5;
    %pushi/vec4 7, 0, 3;
    %store/vec4 v0000021e7ab4fa90_0, 0, 3;
    %jmp T_0.84;
T_0.83 ;
    %load/vec4 v0000021e7ab4ff90_0;
    %flag_set/vec4 8;
    %jmp/0xz  T_0.85, 8;
    %pushi/vec4 1, 0, 3;
    %store/vec4 v0000021e7ab4fa90_0, 0, 3;
    %jmp T_0.86;
T_0.85 ;
    %load/vec4 v0000021e7ab4da40_0;
    %pad/u 32;
    %cmpi/e 0, 0, 32;
    %jmp/0xz  T_0.87, 4;
    %pushi/vec4 3, 0, 3;
    %store/vec4 v0000021e7ab4fa90_0, 0, 3;
    %jmp T_0.88;
T_0.87 ;
    %load/vec4 v0000021e7aaf9fb0_0;
    %pad/u 32;
    %cmpi/e 0, 0, 32;
    %jmp/1 T_0.91, 4;
    %flag_mov 8, 4;
    %load/vec4 v0000021e7ab4d5e0_0;
    %pad/u 32;
    %cmpi/e 0, 0, 32;
    %flag_or 4, 8;
T_0.91;
    %jmp/0xz  T_0.89, 4;
    %pushi/vec4 5, 0, 3;
    %store/vec4 v0000021e7ab4fa90_0, 0, 3;
    %jmp T_0.90;
T_0.89 ;
    %load/vec4 v0000021e7ab4e080_0;
    %pad/u 32;
    %cmpi/e 0, 0, 32;
    %jmp/0xz  T_0.92, 4;
    %pushi/vec4 4, 0, 3;
    %store/vec4 v0000021e7ab4fa90_0, 0, 3;
    %jmp T_0.93;
T_0.92 ;
    %load/vec4 v0000021e7ab4e1c0_0;
    %pad/u 32;
    %cmpi/e 0, 0, 32;
    %jmp/1 T_0.96, 4;
    %flag_mov 8, 4;
    %load/vec4 v0000021e7aaf9e70_0;
    %pad/u 32;
    %cmpi/e 0, 0, 32;
    %flag_or 4, 8;
T_0.96;
    %jmp/0xz  T_0.94, 4;
    %pushi/vec4 2, 0, 3;
    %store/vec4 v0000021e7ab4fa90_0, 0, 3;
T_0.94 ;
T_0.93 ;
T_0.90 ;
T_0.88 ;
T_0.86 ;
T_0.84 ;
    %jmp T_0.8;
T_0.7 ;
    %load/vec4 v0000021e7ab4ff90_0;
    %flag_set/vec4 8;
    %jmp/0xz  T_0.97, 8;
    %pushi/vec4 1, 0, 3;
    %store/vec4 v0000021e7ab4fa90_0, 0, 3;
    %jmp T_0.98;
T_0.97 ;
    %pushi/vec4 7, 0, 3;
    %store/vec4 v0000021e7ab4fa90_0, 0, 3;
T_0.98 ;
    %jmp T_0.8;
T_0.8 ;
    %pop/vec4 1;
    %jmp T_0;
    .thread T_0, $push;
    .scope S_0000021e7aaf34e0;
T_1 ;
    %wait E_0000021e7aad3e20;
    %load/vec4 v0000021e7ab4ef50_0;
    %flag_set/vec4 8;
    %jmp/0xz  T_1.0, 8;
    %pushi/vec4 0, 0, 3;
    %assign/vec4 v0000021e7ab50030_0, 0;
    %jmp T_1.1;
T_1.0 ;
    %load/vec4 v0000021e7ab4fa90_0;
    %assign/vec4 v0000021e7ab50030_0, 0;
T_1.1 ;
    %jmp T_1;
    .thread T_1;
    .scope S_0000021e7aaf34e0;
T_2 ;
    %wait E_0000021e7aad3a60;
    %pushi/vec4 0, 0, 1;
    %store/vec4 v0000021e7ab4e4e0_0, 0, 1;
    %pushi/vec4 0, 0, 1;
    %store/vec4 v0000021e7ab4dea0_0, 0, 1;
    %pushi/vec4 0, 0, 1;
    %store/vec4 v0000021e7aaf9f10_0, 0, 1;
    %pushi/vec4 0, 0, 1;
    %store/vec4 v0000021e7aafa050_0, 0, 1;
    %pushi/vec4 0, 0, 1;
    %store/vec4 v0000021e7aaa3140_0, 0, 1;
    %pushi/vec4 0, 0, 1;
    %store/vec4 v0000021e7ab4e260_0, 0, 1;
    %load/vec4 v0000021e7ab50030_0;
    %store/vec4 v0000021e7ab50170_0, 0, 3;
    %load/vec4 v0000021e7ab50030_0;
    %dup/vec4;
    %pushi/vec4 0, 0, 3;
    %cmp/u;
    %jmp/1 T_2.0, 6;
    %dup/vec4;
    %pushi/vec4 1, 0, 3;
    %cmp/u;
    %jmp/1 T_2.1, 6;
    %dup/vec4;
    %pushi/vec4 2, 0, 3;
    %cmp/u;
    %jmp/1 T_2.2, 6;
    %dup/vec4;
    %pushi/vec4 3, 0, 3;
    %cmp/u;
    %jmp/1 T_2.3, 6;
    %dup/vec4;
    %pushi/vec4 4, 0, 3;
    %cmp/u;
    %jmp/1 T_2.4, 6;
    %dup/vec4;
    %pushi/vec4 5, 0, 3;
    %cmp/u;
    %jmp/1 T_2.5, 6;
    %dup/vec4;
    %pushi/vec4 6, 0, 3;
    %cmp/u;
    %jmp/1 T_2.6, 6;
    %dup/vec4;
    %pushi/vec4 7, 0, 3;
    %cmp/u;
    %jmp/1 T_2.7, 6;
    %jmp T_2.8;
T_2.0 ;
    %jmp T_2.8;
T_2.1 ;
    %pushi/vec4 1, 0, 1;
    %store/vec4 v0000021e7ab4e260_0, 0, 1;
    %jmp T_2.8;
T_2.2 ;
    %pushi/vec4 1, 0, 1;
    %store/vec4 v0000021e7ab4e4e0_0, 0, 1;
    %pushi/vec4 1, 0, 1;
    %store/vec4 v0000021e7aaa3140_0, 0, 1;
    %jmp T_2.8;
T_2.3 ;
    %pushi/vec4 1, 0, 1;
    %store/vec4 v0000021e7ab4e4e0_0, 0, 1;
    %pushi/vec4 1, 0, 1;
    %store/vec4 v0000021e7aafa050_0, 0, 1;
    %pushi/vec4 1, 0, 1;
    %store/vec4 v0000021e7aaa3140_0, 0, 1;
    %jmp T_2.8;
T_2.4 ;
    %pushi/vec4 1, 0, 1;
    %store/vec4 v0000021e7ab4dea0_0, 0, 1;
    %pushi/vec4 1, 0, 1;
    %store/vec4 v0000021e7aaa3140_0, 0, 1;
    %jmp T_2.8;
T_2.5 ;
    %pushi/vec4 1, 0, 1;
    %store/vec4 v0000021e7aaf9f10_0, 0, 1;
    %pushi/vec4 1, 0, 1;
    %store/vec4 v0000021e7aaa3140_0, 0, 1;
    %jmp T_2.8;
T_2.6 ;
    %pushi/vec4 1, 0, 1;
    %store/vec4 v0000021e7ab4e260_0, 0, 1;
    %jmp T_2.8;
T_2.7 ;
    %pushi/vec4 1, 0, 1;
    %store/vec4 v0000021e7ab4e4e0_0, 0, 1;
    %pushi/vec4 1, 0, 1;
    %store/vec4 v0000021e7ab4dea0_0, 0, 1;
    %pushi/vec4 1, 0, 1;
    %store/vec4 v0000021e7aaf9f10_0, 0, 1;
    %pushi/vec4 1, 0, 1;
    %store/vec4 v0000021e7aafa050_0, 0, 1;
    %pushi/vec4 1, 0, 1;
    %store/vec4 v0000021e7aaa3140_0, 0, 1;
    %jmp T_2.8;
T_2.8 ;
    %pop/vec4 1;
    %jmp T_2;
    .thread T_2, $push;
    .scope S_0000021e7aaf3c50;
T_3 ;
    %delay 5000, 0;
    %load/vec4 v0000021e7ab4f590_0;
    %inv;
    %store/vec4 v0000021e7ab4f590_0, 0, 1;
    %jmp T_3;
    .thread T_3;
    .scope S_0000021e7aaf3c50;
T_4 ;
    %vpi_call 2 28 "$dumpfile", "pacemaker.vcd" {0 0 0};
    %vpi_call 2 29 "$dumpvars", 32'sb00000000000000000000000000000000, S_0000021e7aaf3c50 {0 0 0};
    %pushi/vec4 0, 0, 1;
    %store/vec4 v0000021e7ab4f590_0, 0, 1;
    %pushi/vec4 1, 0, 1;
    %store/vec4 v0000021e7ab4eaf0_0, 0, 1;
    %pushi/vec4 1, 0, 1;
    %store/vec4 v0000021e7ab4fc70_0, 0, 1;
    %pushi/vec4 1, 0, 1;
    %store/vec4 v0000021e7ab4f3b0_0, 0, 1;
    %pushi/vec4 1, 0, 1;
    %store/vec4 v0000021e7ab4f090_0, 0, 1;
    %pushi/vec4 1, 0, 1;
    %store/vec4 v0000021e7ab4f1d0_0, 0, 1;
    %pushi/vec4 1, 0, 1;
    %store/vec4 v0000021e7ab4f8b0_0, 0, 1;
    %pushi/vec4 1, 0, 1;
    %store/vec4 v0000021e7ab4ed70_0, 0, 1;
    %delay 10000, 0;
    %pushi/vec4 0, 0, 1;
    %store/vec4 v0000021e7ab4eaf0_0, 0, 1;
    %delay 20000, 0;
    %vpi_call 2 38 "$display", "[TIME %0t] State: MONITOR (001) | Out: SBT=%b", $time, v0000021e7ab4fbd0_0 {0 0 0};
    %vpi_call 2 41 "$display", "\012--- Tes Pasien Lemah (EP=0) ---" {0 0 0};
    %pushi/vec4 0, 0, 1;
    %store/vec4 v0000021e7ab4f8b0_0, 0, 1;
    %delay 20000, 0;
    %vpi_call 2 44 "$display", "[TIME %0t] State: %b (Harus 010/ASSIST) | PS=%b AL=%b", $time, v0000021e7ab4fd10_0, v0000021e7ab4ecd0_0, v0000021e7ab4e910_0 {0 0 0};
    %pushi/vec4 1, 0, 1;
    %store/vec4 v0000021e7ab4f8b0_0, 0, 1;
    %delay 20000, 0;
    %vpi_call 2 49 "$display", "\012--- Tes Oksigen Drop (SpO2=0) ---" {0 0 0};
    %pushi/vec4 0, 0, 1;
    %store/vec4 v0000021e7ab4ed70_0, 0, 1;
    %delay 20000, 0;
    %vpi_call 2 52 "$display", "[TIME %0t] State: %b (Harus 101/ADJ_FIO2) | FM=%b AL=%b", $time, v0000021e7ab4fd10_0, v0000021e7ab4ea50_0, v0000021e7ab4e910_0 {0 0 0};
    %pushi/vec4 1, 0, 1;
    %store/vec4 v0000021e7ab4ed70_0, 0, 1;
    %delay 20000, 0;
    %vpi_call 2 57 "$display", "\012--- Tes Volume Tidal Drop (VT=0) ---" {0 0 0};
    %pushi/vec4 0, 0, 1;
    %store/vec4 v0000021e7ab4fc70_0, 0, 1;
    %delay 20000, 0;
    %vpi_call 2 60 "$display", "[TIME %0t] State: %b (Harus 011/SUPPORT) | MS=%b AL=%b", $time, v0000021e7ab4fd10_0, v0000021e7ab4f950_0, v0000021e7ab4e910_0 {0 0 0};
    %pushi/vec4 1, 0, 1;
    %store/vec4 v0000021e7ab4fc70_0, 0, 1;
    %delay 20000, 0;
    %vpi_call 2 65 "$display", "\012--- Tes PEEP Drop (PEEP=0) ---" {0 0 0};
    %pushi/vec4 0, 0, 1;
    %store/vec4 v0000021e7ab4f1d0_0, 0, 1;
    %delay 20000, 0;
    %vpi_call 2 68 "$display", "[TIME %0t] State: %b (Harus 100/ADJ_PEEP) | PV=%b AL=%b", $time, v0000021e7ab4fd10_0, v0000021e7ab4fb30_0, v0000021e7ab4e910_0 {0 0 0};
    %pushi/vec4 1, 0, 1;
    %store/vec4 v0000021e7ab4f1d0_0, 0, 1;
    %delay 20000, 0;
    %vpi_call 2 73 "$display", "\012--- Tes EMERGENCY (VT=0, RR=0, SpO2=0) ---" {0 0 0};
    %pushi/vec4 0, 0, 1;
    %store/vec4 v0000021e7ab4fc70_0, 0, 1;
    %pushi/vec4 0, 0, 1;
    %store/vec4 v0000021e7ab4f3b0_0, 0, 1;
    %pushi/vec4 0, 0, 1;
    %store/vec4 v0000021e7ab4ed70_0, 0, 1;
    %delay 20000, 0;
    %vpi_call 2 76 "$display", "[TIME %0t] State: %b (Harus 111/EMERGENCY) | AL=%b [ALL ACTIVE]", $time, v0000021e7ab4fd10_0, v0000021e7ab4e910_0 {0 0 0};
    %vpi_call 2 79 "$display", "\012--- Recovery (Semua Normal) ---" {0 0 0};
    %pushi/vec4 1, 0, 1;
    %store/vec4 v0000021e7ab4fc70_0, 0, 1;
    %pushi/vec4 1, 0, 1;
    %store/vec4 v0000021e7ab4f3b0_0, 0, 1;
    %pushi/vec4 1, 0, 1;
    %store/vec4 v0000021e7ab4ed70_0, 0, 1;
    %delay 20000, 0;
    %vpi_call 2 82 "$display", "[TIME %0t] State: %b (Kembali ke 001/MONITOR)", $time, v0000021e7ab4fd10_0 {0 0 0};
    %delay 50000, 0;
    %vpi_call 2 84 "$finish" {0 0 0};
    %end;
    .thread T_4;
# The file index is used to find the file name in the following table.
:file_names 4;
    "N/A";
    "<interactive>";
    "pacemaker_tb.v";
    "pacemaker_fsm.v";
